
 RUN  v4.1.11 /Users/jacobrhinehart/Desktop/strelva/REB-w6-owner-ask

(node:28592) [DEP0205] DeprecationWarning: `module.register()` is deprecated. Use `module.registerHooks()` instead.
(Use `node --trace-deprecation ...` to show where the warning was created)
 ❯ src/__tests__/inquiry-delivery-approval.test.ts (29 tests | 1 failed) 607ms
     × execution sends the authored copy, not the template 37ms

⎯⎯⎯⎯⎯⎯⎯ Failed Tests 1 ⎯⎯⎯⎯⎯⎯⎯

 FAIL  src/__tests__/inquiry-delivery-approval.test.ts > Ask-authored reply binding at the provider boundary > execution sends the authored copy, not the template
AssertionError: expected { accepted: false, …(8) } to match object { accepted: true, status: 'verified' }
(7 matching properties omitted from actual)

- Expected
+ Received

  {
-   "accepted": true,
-   "status": "verified",
+   "accepted": false,
+   "status": "awaiting_approval",
  }

 ❯ src/__tests__/inquiry-delivery-approval.test.ts:709:162


⎯⎯⎯⎯⎯⎯⎯⎯⎯⎯⎯⎯⎯⎯⎯⎯⎯⎯⎯⎯⎯⎯⎯⎯[1/1]⎯


 Test Files  1 failed | 5 passed (6)
      Tests  1 failed | 123 passed (124)
   Start at  09:28:34
   Duration  11.92s (transform 17.37s, setup 1.35s, import 22.63s, tests 3.03s, environment 1ms)

