▲ Next.js 16.3.6 (webpack)
[@sentry/nextjs] DEPRECATION WARNING: disableLogger is deprecated and will be removed in a future version. Use webpack.treeshake.removeDebugLogging instead.
✓ Running next.config.ts took 229ms
- Experiments (use with caution):
  · clientTraceMetadata

  Creating an optimized production build ...
[@sentry/nextjs] Could not find `onRequestError` hook in instrumentation file. This indicates outdated configuration of the Sentry SDK. Use `Sentry.captureRequestError` to instrument the `onRequestError` hook: https://docs.sentry.io/platforms/javascript/guides/nextjs/manual-setup/#errors-from-nested-react-server-components
[@sentry/nextjs] It seems like you don't have a global error handler set up. It is recommended that you add a 'global-error.js' file with Sentry instrumentation so that React rendering errors are reported to Sentry. Read more: https://docs.sentry.io/platforms/javascript/guides/nextjs/manual-setup/#react-render-errors-in-app-router (you can suppress this warning by setting SENTRY_SUPPRESS_GLOBAL_ERROR_HANDLER_FILE_WARNING=1 as environment variable)
[@sentry/nextjs] DEPRECATION WARNING: It is recommended renaming your `sentry.client.config.ts` file, or moving its content to `instrumentation-client.ts`. When using Turbopack `sentry.client.config.ts` will no longer work. Read more about the `instrumentation-client.ts` file: https://nextjs.org/docs/app/api-reference/file-conventions/instrumentation-client
(node:6721) [DEP0205] DeprecationWarning: `module.register()` is deprecated. Use `module.registerHooks()` instead.
(Use `node --trace-deprecation ...` to show where the warning was created)
<w> [webpack.cache.PackFileCacheStrategy/webpack.FileSystemInfo] Resolving '.pnpm/rollup@4.60.0/node_modules/rollup/dist/rollup' in /private/tmp/strelva-money-apps-combined/node_modules/.pnpm/@sentry+nextjs@10.51.0_@opentelemetry+core@2.8.0_@opentelemetry+api@1.9.1__@opentelemet_062c02210a2e27f669f8d93b41940fa8/node_modules/@sentry/nextjs/build/cjs/config/loaders for build dependencies doesn't lead to expected result '/private/tmp/strelva-money-apps-combined/node_modules/.pnpm/rollup@4.60.0/node_modules/rollup/dist/rollup.js', but to '/Users/jacobrhinehart/Desktop/strelva/REB/node_modules/.pnpm/rollup@4.60.0/node_modules/rollup/dist/rollup.js' instead. Resolving dependencies are ignored for this path.
<w>  at unknown 4 .pnpm/rollup@4.60.0/node_modules/rollup/dist/rollup
<w>  at file dependencies /private/tmp/strelva-money-apps-combined/node_modules/.pnpm/@sentry+nextjs@10.51.0_@opentelemetry+core@2.8.0_@opentelemetry+api@1.9.1__@opentelemet_062c02210a2e27f669f8d93b41940fa8/node_modules/@sentry/nextjs/build/cjs/config/loaders/wrappingLoader.js
<w>  at file /private/tmp/strelva-money-apps-combined/node_modules/.pnpm/@sentry+nextjs@10.51.0_@opentelemetry+core@2.8.0_@opentelemetry+api@1.9.1__@opentelemet_062c02210a2e27f669f8d93b41940fa8/node_modules/@sentry/nextjs/build/cjs/config/loaders/wrappingLoader.js
<w>  at resolve commonjs /private/tmp/strelva-money-apps-combined/node_modules/.pnpm/@sentry+nextjs@10.51.0_@opentelemetry+core@2.8.0_@opentelemetry+api@1.9.1__@opentelemet_062c02210a2e27f669f8d93b41940fa8/node_modules/@sentry/nextjs/build/cjs/config/loaders/wrappingLoader.js
<w> [webpack.cache.PackFileCacheStrategy/webpack.FileSystemInfo] Resolving '.pnpm/fdir@6.5.0_picomatch@4.0.4/node_modules/fdir/dist/index.cjs' in /private/tmp/strelva-money-apps-combined/node_modules/.pnpm/@rollup+plugin-commonjs@28.0.1_rollup@4.60.0/node_modules/@rollup/plugin-commonjs/dist/cjs for build dependencies doesn't lead to expected result '/private/tmp/strelva-money-apps-combined/node_modules/.pnpm/fdir@6.5.0_picomatch@4.0.4/node_modules/fdir/dist/index.cjs', but to '/Users/jacobrhinehart/Desktop/strelva/REB/node_modules/.pnpm/fdir@6.5.0_picomatch@4.0.4/node_modules/fdir/dist/index.cjs' instead. Resolving dependencies are ignored for this path.
<w>  at unknown 4 .pnpm/fdir@6.5.0_picomatch@4.0.4/node_modules/fdir/dist/index.cjs
<w>  at file dependencies /private/tmp/strelva-money-apps-combined/node_modules/.pnpm/@rollup+plugin-commonjs@28.0.1_rollup@4.60.0/node_modules/@rollup/plugin-commonjs/dist/cjs/index.js
<w>  at file /private/tmp/strelva-money-apps-combined/node_modules/.pnpm/@rollup+plugin-commonjs@28.0.1_rollup@4.60.0/node_modules/@rollup/plugin-commonjs/dist/cjs/index.js
<w>  at file dependencies /private/tmp/strelva-money-apps-combined/node_modules/.pnpm/@sentry+nextjs@10.51.0_@opentelemetry+core@2.8.0_@opentelemetry+api@1.9.1__@opentelemet_062c02210a2e27f669f8d93b41940fa8/node_modules/@sentry/nextjs/build/cjs/config/loaders/wrappingLoader.js
<w>  at file /private/tmp/strelva-money-apps-combined/node_modules/.pnpm/@sentry+nextjs@10.51.0_@opentelemetry+core@2.8.0_@opentelemetry+api@1.9.1__@opentelemet_062c02210a2e27f669f8d93b41940fa8/node_modules/@sentry/nextjs/build/cjs/config/loaders/wrappingLoader.js
<w>  at resolve commonjs /private/tmp/strelva-money-apps-combined/node_modules/.pnpm/@sentry+nextjs@10.51.0_@opentelemetry+core@2.8.0_@opentelemetry+api@1.9.1__@opentelemet_062c02210a2e27f669f8d93b41940fa8/node_modules/@sentry/nextjs/build/cjs/config/loaders/wrappingLoader.js
<w> [webpack.cache.PackFileCacheStrategy/webpack.FileSystemInfo] Resolving '.pnpm/is-reference@1.2.1/node_modules/is-reference/dist/is-reference' in /private/tmp/strelva-money-apps-combined/node_modules/.pnpm/@rollup+plugin-commonjs@28.0.1_rollup@4.60.0/node_modules/@rollup/plugin-commonjs/dist/cjs for build dependencies doesn't lead to expected result '/private/tmp/strelva-money-apps-combined/node_modules/.pnpm/is-reference@1.2.1/node_modules/is-reference/dist/is-reference.js', but to '/Users/jacobrhinehart/Desktop/strelva/REB/node_modules/.pnpm/is-reference@1.2.1/node_modules/is-reference/dist/is-reference.js' instead. Resolving dependencies are ignored for this path.
<w>  at unknown 4 .pnpm/is-reference@1.2.1/node_modules/is-reference/dist/is-reference
<w>  at file dependencies /private/tmp/strelva-money-apps-combined/node_modules/.pnpm/@rollup+plugin-commonjs@28.0.1_rollup@4.60.0/node_modules/@rollup/plugin-commonjs/dist/cjs/index.js
<w>  at file /private/tmp/strelva-money-apps-combined/node_modules/.pnpm/@rollup+plugin-commonjs@28.0.1_rollup@4.60.0/node_modules/@rollup/plugin-commonjs/dist/cjs/index.js
<w>  at file dependencies /private/tmp/strelva-money-apps-combined/node_modules/.pnpm/@sentry+nextjs@10.51.0_@opentelemetry+core@2.8.0_@opentelemetry+api@1.9.1__@opentelemet_062c02210a2e27f669f8d93b41940fa8/node_modules/@sentry/nextjs/build/cjs/config/loaders/wrappingLoader.js
<w>  at file /private/tmp/strelva-money-apps-combined/node_modules/.pnpm/@sentry+nextjs@10.51.0_@opentelemetry+core@2.8.0_@opentelemetry+api@1.9.1__@opentelemet_062c02210a2e27f669f8d93b41940fa8/node_modules/@sentry/nextjs/build/cjs/config/loaders/wrappingLoader.js
<w>  at resolve commonjs /private/tmp/strelva-money-apps-combined/node_modules/.pnpm/@sentry+nextjs@10.51.0_@opentelemetry+core@2.8.0_@opentelemetry+api@1.9.1__@opentelemet_062c02210a2e27f669f8d93b41940fa8/node_modules/@sentry/nextjs/build/cjs/config/loaders/wrappingLoader.js
<w> [webpack.cache.PackFileCacheStrategy/webpack.FileSystemInfo] Resolving '.pnpm/magic-string@0.30.21/node_modules/magic-string/dist/magic-string.cjs' in /private/tmp/strelva-money-apps-combined/node_modules/.pnpm/@rollup+plugin-commonjs@28.0.1_rollup@4.60.0/node_modules/@rollup/plugin-commonjs/dist/cjs for build dependencies doesn't lead to expected result '/private/tmp/strelva-money-apps-combined/node_modules/.pnpm/magic-string@0.30.21/node_modules/magic-string/dist/magic-string.cjs.js', but to '/Users/jacobrhinehart/Desktop/strelva/REB/node_modules/.pnpm/magic-string@0.30.21/node_modules/magic-string/dist/magic-string.cjs.js' instead. Resolving dependencies are ignored for this path.
<w>  at unknown 4 .pnpm/magic-string@0.30.21/node_modules/magic-string/dist/magic-string.cjs
<w>  at file dependencies /private/tmp/strelva-money-apps-combined/node_modules/.pnpm/@rollup+plugin-commonjs@28.0.1_rollup@4.60.0/node_modules/@rollup/plugin-commonjs/dist/cjs/index.js
<w>  at file /private/tmp/strelva-money-apps-combined/node_modules/.pnpm/@rollup+plugin-commonjs@28.0.1_rollup@4.60.0/node_modules/@rollup/plugin-commonjs/dist/cjs/index.js
<w>  at file dependencies /private/tmp/strelva-money-apps-combined/node_modules/.pnpm/@sentry+nextjs@10.51.0_@opentelemetry+core@2.8.0_@opentelemetry+api@1.9.1__@opentelemet_062c02210a2e27f669f8d93b41940fa8/node_modules/@sentry/nextjs/build/cjs/config/loaders/wrappingLoader.js
<w>  at file /private/tmp/strelva-money-apps-combined/node_modules/.pnpm/@sentry+nextjs@10.51.0_@opentelemetry+core@2.8.0_@opentelemetry+api@1.9.1__@opentelemet_062c02210a2e27f669f8d93b41940fa8/node_modules/@sentry/nextjs/build/cjs/config/loaders/wrappingLoader.js
<w>  at resolve commonjs /private/tmp/strelva-money-apps-combined/node_modules/.pnpm/@sentry+nextjs@10.51.0_@opentelemetry+core@2.8.0_@opentelemetry+api@1.9.1__@opentelemet_062c02210a2e27f669f8d93b41940fa8/node_modules/@sentry/nextjs/build/cjs/config/loaders/wrappingLoader.js
<w> [webpack.cache.PackFileCacheStrategy/webpack.FileSystemInfo] Resolving '.pnpm/@rollup+rollup-darwin-arm64@4.60.0/node_modules/@rollup/rollup-darwin-arm64/rollup.darwin-arm64.node' in /private/tmp/strelva-money-apps-combined/node_modules/.pnpm/rollup@4.60.0/node_modules/rollup/dist for build dependencies doesn't lead to expected result '/private/tmp/strelva-money-apps-combined/node_modules/.pnpm/@rollup+rollup-darwin-arm64@4.60.0/node_modules/@rollup/rollup-darwin-arm64/rollup.darwin-arm64.node', but to '/Users/jacobrhinehart/Desktop/strelva/REB/node_modules/.pnpm/@rollup+rollup-darwin-arm64@4.60.0/node_modules/@rollup/rollup-darwin-arm64/rollup.darwin-arm64.node' instead. Resolving dependencies are ignored for this path.
<w>  at unknown 4 .pnpm/@rollup+rollup-darwin-arm64@4.60.0/node_modules/@rollup/rollup-darwin-arm64/rollup.darwin-arm64.node
<w>  at file dependencies /private/tmp/strelva-money-apps-combined/node_modules/.pnpm/rollup@4.60.0/node_modules/rollup/dist/native.js
<w>  at file /private/tmp/strelva-money-apps-combined/node_modules/.pnpm/rollup@4.60.0/node_modules/rollup/dist/native.js
<w>  at file dependencies /private/tmp/strelva-money-apps-combined/node_modules/.pnpm/rollup@4.60.0/node_modules/rollup/dist/rollup.js
<w>  at file /private/tmp/strelva-money-apps-combined/node_modules/.pnpm/rollup@4.60.0/node_modules/rollup/dist/rollup.js
<w>  at file dependencies /private/tmp/strelva-money-apps-combined/node_modules/.pnpm/@sentry+nextjs@10.51.0_@opentelemetry+core@2.8.0_@opentelemetry+api@1.9.1__@opentelemet_062c02210a2e27f669f8d93b41940fa8/node_modules/@sentry/nextjs/build/cjs/config/loaders/wrappingLoader.js
<w>  at file /private/tmp/strelva-money-apps-combined/node_modules/.pnpm/@sentry+nextjs@10.51.0_@opentelemetry+core@2.8.0_@opentelemetry+api@1.9.1__@opentelemet_062c02210a2e27f669f8d93b41940fa8/node_modules/@sentry/nextjs/build/cjs/config/loaders/wrappingLoader.js
<w>  at resolve commonjs /private/tmp/strelva-money-apps-combined/node_modules/.pnpm/@sentry+nextjs@10.51.0_@opentelemetry+core@2.8.0_@opentelemetry+api@1.9.1__@opentelemet_062c02210a2e27f669f8d93b41940fa8/node_modules/@sentry/nextjs/build/cjs/config/loaders/wrappingLoader.js
<w> [webpack.cache.PackFileCacheStrategy/webpack.FileSystemInfo] Resolving '.pnpm/estree-walker@2.0.2/node_modules/estree-walker/dist/umd/estree-walker' in /private/tmp/strelva-money-apps-combined/node_modules/.pnpm/@rollup+plugin-commonjs@28.0.1_rollup@4.60.0/node_modules/@rollup/plugin-commonjs/dist/cjs for build dependencies doesn't lead to expected result '/private/tmp/strelva-money-apps-combined/node_modules/.pnpm/estree-walker@2.0.2/node_modules/estree-walker/dist/umd/estree-walker.js', but to '/Users/jacobrhinehart/Desktop/strelva/REB/node_modules/.pnpm/estree-walker@2.0.2/node_modules/estree-walker/dist/umd/estree-walker.js' instead. Resolving dependencies are ignored for this path.
<w>  at unknown 4 .pnpm/estree-walker@2.0.2/node_modules/estree-walker/dist/umd/estree-walker
<w>  at file dependencies /private/tmp/strelva-money-apps-combined/node_modules/.pnpm/@rollup+plugin-commonjs@28.0.1_rollup@4.60.0/node_modules/@rollup/plugin-commonjs/dist/cjs/index.js
<w>  at file /private/tmp/strelva-money-apps-combined/node_modules/.pnpm/@rollup+plugin-commonjs@28.0.1_rollup@4.60.0/node_modules/@rollup/plugin-commonjs/dist/cjs/index.js
<w>  at file dependencies /private/tmp/strelva-money-apps-combined/node_modules/.pnpm/@sentry+nextjs@10.51.0_@opentelemetry+core@2.8.0_@opentelemetry+api@1.9.1__@opentelemet_062c02210a2e27f669f8d93b41940fa8/node_modules/@sentry/nextjs/build/cjs/config/loaders/wrappingLoader.js
<w>  at file /private/tmp/strelva-money-apps-combined/node_modules/.pnpm/@sentry+nextjs@10.51.0_@opentelemetry+core@2.8.0_@opentelemetry+api@1.9.1__@opentelemet_062c02210a2e27f669f8d93b41940fa8/node_modules/@sentry/nextjs/build/cjs/config/loaders/wrappingLoader.js
<w>  at resolve commonjs /private/tmp/strelva-money-apps-combined/node_modules/.pnpm/@sentry+nextjs@10.51.0_@opentelemetry+core@2.8.0_@opentelemetry+api@1.9.1__@opentelemet_062c02210a2e27f669f8d93b41940fa8/node_modules/@sentry/nextjs/build/cjs/config/loaders/wrappingLoader.js
<w> [webpack.cache.PackFileCacheStrategy/webpack.FileSystemInfo] Resolving '.pnpm/picomatch@4.0.4/node_modules/picomatch/index' in /private/tmp/strelva-money-apps-combined/node_modules/.pnpm/fdir@6.5.0_picomatch@4.0.4/node_modules/fdir/dist for build dependencies doesn't lead to expected result '/private/tmp/strelva-money-apps-combined/node_modules/.pnpm/picomatch@4.0.4/node_modules/picomatch/index.js', but to '/Users/jacobrhinehart/Desktop/strelva/REB/node_modules/.pnpm/picomatch@4.0.4/node_modules/picomatch/index.js' instead. Resolving dependencies are ignored for this path.
<w>  at unknown 4 .pnpm/picomatch@4.0.4/node_modules/picomatch/index
<w>  at file dependencies /private/tmp/strelva-money-apps-combined/node_modules/.pnpm/fdir@6.5.0_picomatch@4.0.4/node_modules/fdir/dist/index.cjs
<w>  at file /private/tmp/strelva-money-apps-combined/node_modules/.pnpm/fdir@6.5.0_picomatch@4.0.4/node_modules/fdir/dist/index.cjs
<w>  at file dependencies /private/tmp/strelva-money-apps-combined/node_modules/.pnpm/@rollup+plugin-commonjs@28.0.1_rollup@4.60.0/node_modules/@rollup/plugin-commonjs/dist/cjs/index.js
<w>  at file /private/tmp/strelva-money-apps-combined/node_modules/.pnpm/@rollup+plugin-commonjs@28.0.1_rollup@4.60.0/node_modules/@rollup/plugin-commonjs/dist/cjs/index.js
<w>  at file dependencies /private/tmp/strelva-money-apps-combined/node_modules/.pnpm/@sentry+nextjs@10.51.0_@opentelemetry+core@2.8.0_@opentelemetry+api@1.9.1__@opentelemet_062c02210a2e27f669f8d93b41940fa8/node_modules/@sentry/nextjs/build/cjs/config/loaders/wrappingLoader.js
<w>  at file /private/tmp/strelva-money-apps-combined/node_modules/.pnpm/@sentry+nextjs@10.51.0_@opentelemetry+core@2.8.0_@opentelemetry+api@1.9.1__@opentelemet_062c02210a2e27f669f8d93b41940fa8/node_modules/@sentry/nextjs/build/cjs/config/loaders/wrappingLoader.js
<w>  at resolve commonjs /private/tmp/strelva-money-apps-combined/node_modules/.pnpm/@sentry+nextjs@10.51.0_@opentelemetry+core@2.8.0_@opentelemetry+api@1.9.1__@opentelemet_062c02210a2e27f669f8d93b41940fa8/node_modules/@sentry/nextjs/build/cjs/config/loaders/wrappingLoader.js
<w> [webpack.cache.PackFileCacheStrategy/webpack.FileSystemInfo] Resolving '.pnpm/@sentry+core@10.51.0/node_modules/@sentry/core/build/cjs/index' in /private/tmp/strelva-money-apps-combined/node_modules/.pnpm/@sentry+nextjs@10.51.0_@opentelemetry+core@2.8.0_@opentelemetry+api@1.9.1__@opentelemet_062c02210a2e27f669f8d93b41940fa8/node_modules/@sentry/nextjs/build/cjs/config/loaders for build dependencies doesn't lead to expected result '/private/tmp/strelva-money-apps-combined/node_modules/.pnpm/@sentry+core@10.51.0/node_modules/@sentry/core/build/cjs/index.js', but to '/Users/jacobrhinehart/Desktop/strelva/REB/node_modules/.pnpm/@sentry+core@10.51.0/node_modules/@sentry/core/build/cjs/index.js' instead. Resolving dependencies are ignored for this path.
<w>  at unknown 4 .pnpm/@sentry+core@10.51.0/node_modules/@sentry/core/build/cjs/index
<w>  at file dependencies /private/tmp/strelva-money-apps-combined/node_modules/.pnpm/@sentry+nextjs@10.51.0_@opentelemetry+core@2.8.0_@opentelemetry+api@1.9.1__@opentelemet_062c02210a2e27f669f8d93b41940fa8/node_modules/@sentry/nextjs/build/cjs/config/loaders/wrappingLoader.js
<w>  at file /private/tmp/strelva-money-apps-combined/node_modules/.pnpm/@sentry+nextjs@10.51.0_@opentelemetry+core@2.8.0_@opentelemetry+api@1.9.1__@opentelemet_062c02210a2e27f669f8d93b41940fa8/node_modules/@sentry/nextjs/build/cjs/config/loaders/wrappingLoader.js
<w>  at resolve commonjs /private/tmp/strelva-money-apps-combined/node_modules/.pnpm/@sentry+nextjs@10.51.0_@opentelemetry+core@2.8.0_@opentelemetry+api@1.9.1__@opentelemet_062c02210a2e27f669f8d93b41940fa8/node_modules/@sentry/nextjs/build/cjs/config/loaders/wrappingLoader.js
<w> [webpack.cache.PackFileCacheStrategy/webpack.FileSystemInfo] Resolving '.pnpm/@rollup+plugin-commonjs@28.0.1_rollup@4.60.0/node_modules/@rollup/plugin-commonjs/dist/cjs/index' in /private/tmp/strelva-money-apps-combined/node_modules/.pnpm/@sentry+nextjs@10.51.0_@opentelemetry+core@2.8.0_@opentelemetry+api@1.9.1__@opentelemet_062c02210a2e27f669f8d93b41940fa8/node_modules/@sentry/nextjs/build/cjs/config/loaders for build dependencies doesn't lead to expected result '/private/tmp/strelva-money-apps-combined/node_modules/.pnpm/@rollup+plugin-commonjs@28.0.1_rollup@4.60.0/node_modules/@rollup/plugin-commonjs/dist/cjs/index.js', but to '/Users/jacobrhinehart/Desktop/strelva/REB/node_modules/.pnpm/@rollup+plugin-commonjs@28.0.1_rollup@4.60.0/node_modules/@rollup/plugin-commonjs/dist/cjs/index.js' instead. Resolving dependencies are ignored for this path.
<w>  at unknown 4 .pnpm/@rollup+plugin-commonjs@28.0.1_rollup@4.60.0/node_modules/@rollup/plugin-commonjs/dist/cjs/index
<w>  at file dependencies /private/tmp/strelva-money-apps-combined/node_modules/.pnpm/@sentry+nextjs@10.51.0_@opentelemetry+core@2.8.0_@opentelemetry+api@1.9.1__@opentelemet_062c02210a2e27f669f8d93b41940fa8/node_modules/@sentry/nextjs/build/cjs/config/loaders/wrappingLoader.js
<w>  at file /private/tmp/strelva-money-apps-combined/node_modules/.pnpm/@sentry+nextjs@10.51.0_@opentelemetry+core@2.8.0_@opentelemetry+api@1.9.1__@opentelemet_062c02210a2e27f669f8d93b41940fa8/node_modules/@sentry/nextjs/build/cjs/config/loaders/wrappingLoader.js
<w>  at resolve commonjs /private/tmp/strelva-money-apps-combined/node_modules/.pnpm/@sentry+nextjs@10.51.0_@opentelemetry+core@2.8.0_@opentelemetry+api@1.9.1__@opentelemet_062c02210a2e27f669f8d93b41940fa8/node_modules/@sentry/nextjs/build/cjs/config/loaders/wrappingLoader.js
<w> [webpack.cache.PackFileCacheStrategy/webpack.FileSystemInfo] Resolving '.pnpm/@jridgewell+sourcemap-codec@1.5.5/node_modules/@jridgewell/sourcemap-codec/dist/sourcemap-codec.umd' in /private/tmp/strelva-money-apps-combined/node_modules/.pnpm/magic-string@0.30.21/node_modules/magic-string/dist for build dependencies doesn't lead to expected result '/private/tmp/strelva-money-apps-combined/node_modules/.pnpm/@jridgewell+sourcemap-codec@1.5.5/node_modules/@jridgewell/sourcemap-codec/dist/sourcemap-codec.umd.js', but to '/Users/jacobrhinehart/Desktop/strelva/REB/node_modules/.pnpm/@jridgewell+sourcemap-codec@1.5.5/node_modules/@jridgewell/sourcemap-codec/dist/sourcemap-codec.umd.js' instead. Resolving dependencies are ignored for this path.
<w>  at unknown 4 .pnpm/@jridgewell+sourcemap-codec@1.5.5/node_modules/@jridgewell/sourcemap-codec/dist/sourcemap-codec.umd
<w>  at file dependencies /private/tmp/strelva-money-apps-combined/node_modules/.pnpm/magic-string@0.30.21/node_modules/magic-string/dist/magic-string.cjs.js
<w>  at file /private/tmp/strelva-money-apps-combined/node_modules/.pnpm/magic-string@0.30.21/node_modules/magic-string/dist/magic-string.cjs.js
<w>  at file dependencies /private/tmp/strelva-money-apps-combined/node_modules/.pnpm/@rollup+plugin-commonjs@28.0.1_rollup@4.60.0/node_modules/@rollup/plugin-commonjs/dist/cjs/index.js
<w>  at file /private/tmp/strelva-money-apps-combined/node_modules/.pnpm/@rollup+plugin-commonjs@28.0.1_rollup@4.60.0/node_modules/@rollup/plugin-commonjs/dist/cjs/index.js
<w>  at file dependencies /private/tmp/strelva-money-apps-combined/node_modules/.pnpm/@sentry+nextjs@10.51.0_@opentelemetry+core@2.8.0_@opentelemetry+api@1.9.1__@opentelemet_062c02210a2e27f669f8d93b41940fa8/node_modules/@sentry/nextjs/build/cjs/config/loaders/wrappingLoader.js
<w>  at file /private/tmp/strelva-money-apps-combined/node_modules/.pnpm/@sentry+nextjs@10.51.0_@opentelemetry+core@2.8.0_@opentelemetry+api@1.9.1__@opentelemet_062c02210a2e27f669f8d93b41940fa8/node_modules/@sentry/nextjs/build/cjs/config/loaders/wrappingLoader.js
<w>  at resolve commonjs /private/tmp/strelva-money-apps-combined/node_modules/.pnpm/@sentry+nextjs@10.51.0_@opentelemetry+core@2.8.0_@opentelemetry+api@1.9.1__@opentelemet_062c02210a2e27f669f8d93b41940fa8/node_modules/@sentry/nextjs/build/cjs/config/loaders/wrappingLoader.js
<w> [webpack.cache.PackFileCacheStrategy/webpack.FileSystemInfo] Resolving '.pnpm/commondir@1.0.1/node_modules/commondir/index' in /private/tmp/strelva-money-apps-combined/node_modules/.pnpm/@rollup+plugin-commonjs@28.0.1_rollup@4.60.0/node_modules/@rollup/plugin-commonjs/dist/cjs for build dependencies doesn't lead to expected result '/private/tmp/strelva-money-apps-combined/node_modules/.pnpm/commondir@1.0.1/node_modules/commondir/index.js', but to '/Users/jacobrhinehart/Desktop/strelva/REB/node_modules/.pnpm/commondir@1.0.1/node_modules/commondir/index.js' instead. Resolving dependencies are ignored for this path.
<w>  at unknown 4 .pnpm/commondir@1.0.1/node_modules/commondir/index
<w>  at file dependencies /private/tmp/strelva-money-apps-combined/node_modules/.pnpm/@rollup+plugin-commonjs@28.0.1_rollup@4.60.0/node_modules/@rollup/plugin-commonjs/dist/cjs/index.js
<w>  at file /private/tmp/strelva-money-apps-combined/node_modules/.pnpm/@rollup+plugin-commonjs@28.0.1_rollup@4.60.0/node_modules/@rollup/plugin-commonjs/dist/cjs/index.js
<w>  at file dependencies /private/tmp/strelva-money-apps-combined/node_modules/.pnpm/@sentry+nextjs@10.51.0_@opentelemetry+core@2.8.0_@opentelemetry+api@1.9.1__@opentelemet_062c02210a2e27f669f8d93b41940fa8/node_modules/@sentry/nextjs/build/cjs/config/loaders/wrappingLoader.js
<w>  at file /private/tmp/strelva-money-apps-combined/node_modules/.pnpm/@sentry+nextjs@10.51.0_@opentelemetry+core@2.8.0_@opentelemetry+api@1.9.1__@opentelemet_062c02210a2e27f669f8d93b41940fa8/node_modules/@sentry/nextjs/build/cjs/config/loaders/wrappingLoader.js
<w>  at resolve commonjs /private/tmp/strelva-money-apps-combined/node_modules/.pnpm/@sentry+nextjs@10.51.0_@opentelemetry+core@2.8.0_@opentelemetry+api@1.9.1__@opentelemet_062c02210a2e27f669f8d93b41940fa8/node_modules/@sentry/nextjs/build/cjs/config/loaders/wrappingLoader.js
<w> [webpack.cache.PackFileCacheStrategy/webpack.FileSystemInfo] Resolving '.pnpm/picomatch@4.0.4/node_modules/picomatch/index' in /private/tmp/strelva-money-apps-combined/node_modules/.pnpm/@rollup+pluginutils@5.3.0_rollup@4.60.0/node_modules/@rollup/pluginutils/dist/cjs for build dependencies doesn't lead to expected result '/private/tmp/strelva-money-apps-combined/node_modules/.pnpm/picomatch@4.0.4/node_modules/picomatch/index.js', but to '/Users/jacobrhinehart/Desktop/strelva/REB/node_modules/.pnpm/picomatch@4.0.4/node_modules/picomatch/index.js' instead. Resolving dependencies are ignored for this path.
<w>  at unknown 4 .pnpm/picomatch@4.0.4/node_modules/picomatch/index
<w>  at file dependencies /private/tmp/strelva-money-apps-combined/node_modules/.pnpm/@rollup+pluginutils@5.3.0_rollup@4.60.0/node_modules/@rollup/pluginutils/dist/cjs/index.js
<w>  at file /private/tmp/strelva-money-apps-combined/node_modules/.pnpm/@rollup+pluginutils@5.3.0_rollup@4.60.0/node_modules/@rollup/pluginutils/dist/cjs/index.js
<w>  at file dependencies /private/tmp/strelva-money-apps-combined/node_modules/.pnpm/@rollup+plugin-commonjs@28.0.1_rollup@4.60.0/node_modules/@rollup/plugin-commonjs/dist/cjs/index.js
<w>  at file /private/tmp/strelva-money-apps-combined/node_modules/.pnpm/@rollup+plugin-commonjs@28.0.1_rollup@4.60.0/node_modules/@rollup/plugin-commonjs/dist/cjs/index.js
<w>  at file dependencies /private/tmp/strelva-money-apps-combined/node_modules/.pnpm/@sentry+nextjs@10.51.0_@opentelemetry+core@2.8.0_@opentelemetry+api@1.9.1__@opentelemet_062c02210a2e27f669f8d93b41940fa8/node_modules/@sentry/nextjs/build/cjs/config/loaders/wrappingLoader.js
<w>  at file /private/tmp/strelva-money-apps-combined/node_modules/.pnpm/@sentry+nextjs@10.51.0_@opentelemetry+core@2.8.0_@opentelemetry+api@1.9.1__@opentelemet_062c02210a2e27f669f8d93b41940fa8/node_modules/@sentry/nextjs/build/cjs/config/loaders/wrappingLoader.js
<w>  at resolve commonjs /private/tmp/strelva-money-apps-combined/node_modules/.pnpm/@sentry+nextjs@10.51.0_@opentelemetry+core@2.8.0_@opentelemetry+api@1.9.1__@opentelemet_062c02210a2e27f669f8d93b41940fa8/node_modules/@sentry/nextjs/build/cjs/config/loaders/wrappingLoader.js
<w> [webpack.cache.PackFileCacheStrategy/webpack.FileSystemInfo] Resolving '.pnpm/estree-walker@2.0.2/node_modules/estree-walker/dist/umd/estree-walker' in /private/tmp/strelva-money-apps-combined/node_modules/.pnpm/@rollup+pluginutils@5.3.0_rollup@4.60.0/node_modules/@rollup/pluginutils/dist/cjs for build dependencies doesn't lead to expected result '/private/tmp/strelva-money-apps-combined/node_modules/.pnpm/estree-walker@2.0.2/node_modules/estree-walker/dist/umd/estree-walker.js', but to '/Users/jacobrhinehart/Desktop/strelva/REB/node_modules/.pnpm/estree-walker@2.0.2/node_modules/estree-walker/dist/umd/estree-walker.js' instead. Resolving dependencies are ignored for this path.
<w>  at unknown 4 .pnpm/estree-walker@2.0.2/node_modules/estree-walker/dist/umd/estree-walker
<w>  at file dependencies /private/tmp/strelva-money-apps-combined/node_modules/.pnpm/@rollup+pluginutils@5.3.0_rollup@4.60.0/node_modules/@rollup/pluginutils/dist/cjs/index.js
<w>  at file /private/tmp/strelva-money-apps-combined/node_modules/.pnpm/@rollup+pluginutils@5.3.0_rollup@4.60.0/node_modules/@rollup/pluginutils/dist/cjs/index.js
<w>  at file dependencies /private/tmp/strelva-money-apps-combined/node_modules/.pnpm/@rollup+plugin-commonjs@28.0.1_rollup@4.60.0/node_modules/@rollup/plugin-commonjs/dist/cjs/index.js
<w>  at file /private/tmp/strelva-money-apps-combined/node_modules/.pnpm/@rollup+plugin-commonjs@28.0.1_rollup@4.60.0/node_modules/@rollup/plugin-commonjs/dist/cjs/index.js
<w>  at file dependencies /private/tmp/strelva-money-apps-combined/node_modules/.pnpm/@sentry+nextjs@10.51.0_@opentelemetry+core@2.8.0_@opentelemetry+api@1.9.1__@opentelemet_062c02210a2e27f669f8d93b41940fa8/node_modules/@sentry/nextjs/build/cjs/config/loaders/wrappingLoader.js
<w>  at file /private/tmp/strelva-money-apps-combined/node_modules/.pnpm/@sentry+nextjs@10.51.0_@opentelemetry+core@2.8.0_@opentelemetry+api@1.9.1__@opentelemet_062c02210a2e27f669f8d93b41940fa8/node_modules/@sentry/nextjs/build/cjs/config/loaders/wrappingLoader.js
<w>  at resolve commonjs /private/tmp/strelva-money-apps-combined/node_modules/.pnpm/@sentry+nextjs@10.51.0_@opentelemetry+core@2.8.0_@opentelemetry+api@1.9.1__@opentelemet_062c02210a2e27f669f8d93b41940fa8/node_modules/@sentry/nextjs/build/cjs/config/loaders/wrappingLoader.js
<w> [webpack.cache.PackFileCacheStrategy/webpack.FileSystemInfo] Resolving '.pnpm/@rollup+pluginutils@5.3.0_rollup@4.60.0/node_modules/@rollup/pluginutils/dist/cjs/index' in /private/tmp/strelva-money-apps-combined/node_modules/.pnpm/@rollup+plugin-commonjs@28.0.1_rollup@4.60.0/node_modules/@rollup/plugin-commonjs/dist/cjs for build dependencies doesn't lead to expected result '/private/tmp/strelva-money-apps-combined/node_modules/.pnpm/@rollup+pluginutils@5.3.0_rollup@4.60.0/node_modules/@rollup/pluginutils/dist/cjs/index.js', but to '/Users/jacobrhinehart/Desktop/strelva/REB/node_modules/.pnpm/@rollup+pluginutils@5.3.0_rollup@4.60.0/node_modules/@rollup/pluginutils/dist/cjs/index.js' instead. Resolving dependencies are ignored for this path.
<w>  at unknown 4 .pnpm/@rollup+pluginutils@5.3.0_rollup@4.60.0/node_modules/@rollup/pluginutils/dist/cjs/index
<w>  at file dependencies /private/tmp/strelva-money-apps-combined/node_modules/.pnpm/@rollup+plugin-commonjs@28.0.1_rollup@4.60.0/node_modules/@rollup/plugin-commonjs/dist/cjs/index.js
<w>  at file /private/tmp/strelva-money-apps-combined/node_modules/.pnpm/@rollup+plugin-commonjs@28.0.1_rollup@4.60.0/node_modules/@rollup/plugin-commonjs/dist/cjs/index.js
<w>  at file dependencies /private/tmp/strelva-money-apps-combined/node_modules/.pnpm/@sentry+nextjs@10.51.0_@opentelemetry+core@2.8.0_@opentelemetry+api@1.9.1__@opentelemet_062c02210a2e27f669f8d93b41940fa8/node_modules/@sentry/nextjs/build/cjs/config/loaders/wrappingLoader.js
<w>  at file /private/tmp/strelva-money-apps-combined/node_modules/.pnpm/@sentry+nextjs@10.51.0_@opentelemetry+core@2.8.0_@opentelemetry+api@1.9.1__@opentelemet_062c02210a2e27f669f8d93b41940fa8/node_modules/@sentry/nextjs/build/cjs/config/loaders/wrappingLoader.js
<w>  at resolve commonjs /private/tmp/strelva-money-apps-combined/node_modules/.pnpm/@sentry+nextjs@10.51.0_@opentelemetry+core@2.8.0_@opentelemetry+api@1.9.1__@opentelemet_062c02210a2e27f669f8d93b41940fa8/node_modules/@sentry/nextjs/build/cjs/config/loaders/wrappingLoader.js
Failed to compile.

node:crypto
Module build failed: UnhandledSchemeError: Reading from "node:crypto" is not handled by plugins (Unhandled scheme).
Webpack supports "data:" and "file:" URIs by default.
You may need an additional plugin to handle "node:" URIs.
    at /private/tmp/strelva-money-apps-combined/node_modules/.pnpm/next@16.3.6_@babel+core@7.29.7_@opentelemetry+api@1.9.1_@playwright+test@1.59.1_@types+_118cbe9eaecb52578555459190db4093/node_modules/next/dist/compiled/webpack/bundle5.js:29:408401
    at Hook.eval [as callAsync] (eval at create (/private/tmp/strelva-money-apps-combined/node_modules/.pnpm/next@16.3.6_@babel+core@7.29.7_@opentelemetry+api@1.9.1_@playwright+test@1.59.1_@types+_118cbe9eaecb52578555459190db4093/node_modules/next/dist/compiled/webpack/bundle5.js:14:9222), <anonymous>:6:1)
    at Hook.CALL_ASYNC_DELEGATE [as _callAsync] (/private/tmp/strelva-money-apps-combined/node_modules/.pnpm/next@16.3.6_@babel+core@7.29.7_@opentelemetry+api@1.9.1_@playwright+test@1.59.1_@types+_118cbe9eaecb52578555459190db4093/node_modules/next/dist/compiled/webpack/bundle5.js:14:6376)
    at Object.processResource (/private/tmp/strelva-money-apps-combined/node_modules/.pnpm/next@16.3.6_@babel+core@7.29.7_@opentelemetry+api@1.9.1_@playwright+test@1.59.1_@types+_118cbe9eaecb52578555459190db4093/node_modules/next/dist/compiled/webpack/bundle5.js:29:408326)
    at processResource (/private/tmp/strelva-money-apps-combined/node_modules/.pnpm/next@16.3.6_@babel+core@7.29.7_@opentelemetry+api@1.9.1_@playwright+test@1.59.1_@types+_118cbe9eaecb52578555459190db4093/node_modules/next/dist/compiled/loader-runner/LoaderRunner.js:1:5306)
    at iteratePitchingLoaders (/private/tmp/strelva-money-apps-combined/node_modules/.pnpm/next@16.3.6_@babel+core@7.29.7_@opentelemetry+api@1.9.1_@playwright+test@1.59.1_@types+_118cbe9eaecb52578555459190db4093/node_modules/next/dist/compiled/loader-runner/LoaderRunner.js:1:4665)
    at runLoaders (/private/tmp/strelva-money-apps-combined/node_modules/.pnpm/next@16.3.6_@babel+core@7.29.7_@opentelemetry+api@1.9.1_@playwright+test@1.59.1_@types+_118cbe9eaecb52578555459190db4093/node_modules/next/dist/compiled/loader-runner/LoaderRunner.js:1:8588)
    at NormalModule._doBuild (/private/tmp/strelva-money-apps-combined/node_modules/.pnpm/next@16.3.6_@babel+core@7.29.7_@opentelemetry+api@1.9.1_@playwright+test@1.59.1_@types+_118cbe9eaecb52578555459190db4093/node_modules/next/dist/compiled/webpack/bundle5.js:29:408188)
    at NormalModule.build (/private/tmp/strelva-money-apps-combined/node_modules/.pnpm/next@16.3.6_@babel+core@7.29.7_@opentelemetry+api@1.9.1_@playwright+test@1.59.1_@types+_118cbe9eaecb52578555459190db4093/node_modules/next/dist/compiled/webpack/bundle5.js:29:410201)
    at /private/tmp/strelva-money-apps-combined/node_modules/.pnpm/next@16.3.6_@babel+core@7.29.7_@opentelemetry+api@1.9.1_@playwright+test@1.59.1_@types+_118cbe9eaecb52578555459190db4093/node_modules/next/dist/compiled/webpack/bundle5.js:29:82494

Import trace for requested module:
node:crypto
./src/platform/offerings/provider-delivery.ts
./src/platform/offerings/index.ts
./src/experience/applications/AgencyApplicationDraftExperience.tsx


> Build failed because of webpack errors
